Archive member included to satisfy reference by file (symbol)

/usr/lib/gcc/arm-none-eabi/6.3.1/libgcc.a(_udivsi3.o)
                              build/obj/serial_lld.o (__aeabi_uidiv)
/usr/lib/gcc/arm-none-eabi/6.3.1/libgcc.a(_dvmd_tls.o)
                              /usr/lib/gcc/arm-none-eabi/6.3.1/libgcc.a(_udivsi3.o) (__aeabi_idiv0)
/usr/lib/gcc/arm-none-eabi/6.3.1/libgcc.a(_arm_addsubdf3.o)
                              build/obj/chprintf.o (__aeabi_dsub)
/usr/lib/gcc/arm-none-eabi/6.3.1/libgcc.a(_arm_muldivdf3.o)
                              build/obj/chprintf.o (__aeabi_dmul)
/usr/lib/gcc/arm-none-eabi/6.3.1/libgcc.a(_arm_fixdfsi.o)
                              build/obj/chprintf.o (__aeabi_d2iz)
/usr/lib/gcc/arm-none-eabi/6.3.1/libgcc.a(_arm_truncdfsf2.o)
                              build/obj/chprintf.o (__aeabi_d2f)
/usr/lib/gcc/arm-none-eabi/6.3.1/libgcc.a(_arm_cmpsf2.o)
                              build/obj/chprintf.o (__aeabi_fcmplt)
/usr/lib/gcc/arm-none-eabi/6.3.1/libgcc.a(_arm_fixsfsi.o)
                              build/obj/chprintf.o (__aeabi_f2iz)
/usr/lib/gcc/arm-none-eabi/6.3.1/../../../arm-none-eabi/lib/libc.a(lib_a-strcasecmp.o)
                              build/obj/shell.o (strcasecmp)
/usr/lib/gcc/arm-none-eabi/6.3.1/../../../arm-none-eabi/lib/libc.a(lib_a-strchr.o)
                              build/obj/shell.o (strchr)
/usr/lib/gcc/arm-none-eabi/6.3.1/../../../arm-none-eabi/lib/libc.a(lib_a-strspn.o)
                              build/obj/shell.o (strspn)
/usr/lib/gcc/arm-none-eabi/6.3.1/../../../arm-none-eabi/lib/libc.a(lib_a-ctype_.o)
                              /usr/lib/gcc/arm-none-eabi/6.3.1/../../../arm-none-eabi/lib/libc.a(lib_a-strcasecmp.o) (__ctype_ptr__)

Allocating common symbols
Common symbol       size              file

test_timer_done     0x4               build/obj/test.o
I2C1                0x40              build/obj/i2c_lld.o
I2C0                0x40              build/obj/i2c_lld.o
IOPORT1             0x18              build/obj/pal_lld.o
IOPORT0             0x18              build/obj/pal_lld.o
threads             0x14              build/obj/test.o
shell_terminated    0x4               build/obj/shell.o
SPI0                0x28              build/obj/spi_lld.o
test                0x578             build/obj/test.o
vtlist              0x10              build/obj/chvt.o
rlist               0x1c              build/obj/chschd.o
_idle_thread_wa     0x9c              build/obj/chsys.o
coords              0xc               build/obj/main.o
SD1                 0x74              build/obj/serial_lld.o

Discarded input sections

 .data          0x0000000000000000        0x0 build/obj/crt0.o
 .bss           0x0000000000000000        0x0 build/obj/crt0.o
 .data          0x0000000000000000        0x0 build/obj/chcoreasm.o
 .bss           0x0000000000000000        0x0 build/obj/chcoreasm.o
 .data          0x0000000000000000        0x0 build/obj/vectors.o
 .bss           0x0000000000000000        0x0 build/obj/vectors.o
 .text          0x0000000000000000        0x0 build/obj/chcore.o
 .data          0x0000000000000000        0x0 build/obj/chcore.o
 .bss           0x0000000000000000        0x0 build/obj/chcore.o
 .text.port_halt
                0x0000000000000000       0x18 build/obj/chcore.o
 .debug_info    0x0000000000000000      0x612 build/obj/chcore.o
 .debug_abbrev  0x0000000000000000       0xf4 build/obj/chcore.o
 .debug_aranges
                0x0000000000000000       0x20 build/obj/chcore.o
 .debug_ranges  0x0000000000000000       0x10 build/obj/chcore.o
 .debug_line    0x0000000000000000      0x12b build/obj/chcore.o
 .debug_str     0x0000000000000000      0x4b1 build/obj/chcore.o
 .comment       0x0000000000000000       0x32 build/obj/chcore.o
 .debug_frame   0x0000000000000000       0x20 build/obj/chcore.o
 .ARM.attributes
                0x0000000000000000       0x37 build/obj/chcore.o
 .text          0x0000000000000000        0x0 build/obj/chsys.o
 .data          0x0000000000000000        0x0 build/obj/chsys.o
 .bss           0x0000000000000000        0x0 build/obj/chsys.o
 .text          0x0000000000000000        0x0 build/obj/chdebug.o
 .data          0x0000000000000000        0x0 build/obj/chdebug.o
 .bss           0x0000000000000000        0x0 build/obj/chdebug.o
 .debug_info    0x0000000000000000      0x5f9 build/obj/chdebug.o
 .debug_abbrev  0x0000000000000000       0xd8 build/obj/chdebug.o
 .debug_aranges
                0x0000000000000000       0x18 build/obj/chdebug.o
 .debug_line    0x0000000000000000      0x10f build/obj/chdebug.o
 .debug_str     0x0000000000000000      0x4a5 build/obj/chdebug.o
 .comment       0x0000000000000000       0x32 build/obj/chdebug.o
 .ARM.attributes
                0x0000000000000000       0x37 build/obj/chdebug.o
 .text          0x0000000000000000        0x0 build/obj/chlists.o
 .data          0x0000000000000000        0x0 build/obj/chlists.o
[...]
Memory Configuration

Name             Origin             Length             Attributes
ram              0x0000000000008000 0x0000000005ffffe0
*default*        0x0000000000000000 0xffffffffffffffff

Linker script and memory map

LOAD build/obj/crt0.o
LOAD build/obj/chcoreasm.o
LOAD build/obj/vectors.o
LOAD build/obj/chcore.o
LOAD build/obj/chsys.o
LOAD build/obj/chdebug.o
LOAD build/obj/chlists.o
LOAD build/obj/chvt.o
LOAD build/obj/chschd.o
LOAD build/obj/chthreads.o
LOAD build/obj/chdynamic.o
LOAD build/obj/chregistry.o
LOAD build/obj/chsem.o
LOAD build/obj/chmtx.o
LOAD build/obj/chcond.o
LOAD build/obj/chevents.o
LOAD build/obj/chmsg.o
LOAD build/obj/chmboxes.o
LOAD build/obj/chqueues.o
LOAD build/obj/chmemcore.o
LOAD build/obj/chheap.o
LOAD build/obj/chmempools.o
LOAD build/obj/test.o
LOAD build/obj/testthd.o
LOAD build/obj/testsem.o
LOAD build/obj/testmtx.o
LOAD build/obj/testmsg.o
LOAD build/obj/testmbox.o
LOAD build/obj/testevt.o
LOAD build/obj/testheap.o
LOAD build/obj/testpools.o
LOAD build/obj/testdyn.o
LOAD build/obj/testqueues.o
LOAD build/obj/testbmk.o
LOAD build/obj/hal.o
LOAD build/obj/adc.o
LOAD build/obj/can.o
LOAD build/obj/ext.o
LOAD build/obj/gpt.o
LOAD build/obj/i2c.o
LOAD build/obj/icu.o
LOAD build/obj/mac.o
LOAD build/obj/mmc_spi.o
LOAD build/obj/mmcsd.o
LOAD build/obj/pal.o
LOAD build/obj/pwm.o
LOAD build/obj/rtc.o
LOAD build/obj/sdc.o
LOAD build/obj/serial.o
LOAD build/obj/serial_usb.o
LOAD build/obj/spi.o
LOAD build/obj/tm.o
LOAD build/obj/uart.o
LOAD build/obj/usb.o
LOAD build/obj/hal_lld.o
LOAD build/obj/pal_lld.o
LOAD build/obj/serial_lld.o
LOAD build/obj/i2c_lld.o
LOAD build/obj/spi_lld.o
LOAD build/obj/gpt_lld.o
LOAD build/obj/pwm_lld.o
LOAD build/obj/bcm2835.o
LOAD build/obj/board.o
LOAD build/obj/shell.o
LOAD build/obj/chprintf.o
LOAD build/obj/main.o
START GROUP
LOAD /usr/lib/gcc/arm-none-eabi/6.3.1/libgcc.a
LOAD /usr/lib/gcc/arm-none-eabi/6.3.1/../../../arm-none-eabi/lib/libc.a
END GROUP
                0x0000000000000004                __und_stack_size__ = 0x4
                0x0000000000000004                __abt_stack_size__ = 0x4
                0x0000000000000010                __fiq_stack_size__ = 0x10
                0x0000000000000080                __irq_stack_size__ = 0x80
                0x0000000000000004                __svc_stack_size__ = 0x4
                0x0000000000000400                __sys_stack_size__ = 0x400
                0x000000000000049c                __stacks_total_size__ = (((((__und_stack_size__ + __abt_stack_size__) + __fiq_stack_size__) + __irq_stack_size__) + __svc_stack_size__) + __sys_stack_size__)
                0x0000000000008000                __ram_start__ = ORIGIN (ram)
                0x0000000005ffffe0                __ram_size__ = LENGTH (ram)
                0x0000000006007fe0                __ram_end__ = (__ram_start__ + __ram_size__)
                0x0000000000000000                . = 0x0

.text           0x0000000000008000     0x3d54
                0x0000000000008000                _text = .
 *(vectors)
 vectors        0x0000000000008000       0x40 build/obj/vectors.o
 *(.text)
 .text          0x0000000000008040       0xa8 build/obj/crt0.o
                0x0000000000008040                ResetHandler
                0x00000000000080c0                _main_exit_handler
 *fill*         0x00000000000080e8        0x8 
 .text          0x00000000000080f0       0x84 build/obj/chcoreasm.o
                0x00000000000080f0                _port_switch_arm
                0x0000000000008100                _port_irq_common
                0x0000000000008160                _port_thread_start
 *fill*         0x0000000000008174        0xc 
 .text          0x0000000000008180       0x38 build/obj/vectors.o
                0x0000000000008180                UndHandler
                0x0000000000008180                PrefetchHandler
                0x0000000000008180                AbortHandler
                0x0000000000008180                _unhandled_exception
                0x0000000000008180                SwiHandler
                0x0000000000008180                FiqHandler
                0x0000000000008184                __early_init
                0x00000000000081a0                arm_enable_irq
                0x00000000000081b0                get_cpsr
 *fill*         0x00000000000081b8        0x8 
 .text          0x00000000000081c0      0x114 /usr/lib/gcc/arm-none-eabi/6.3.1/libgcc.a(_udivsi3.o)
                0x00000000000081c0                __udivsi3
                0x00000000000081c0                __aeabi_uidiv
                0x00000000000082b4                __aeabi_uidivmod
 *fill*         0x00000000000082d4        0xc 
 .text          0x00000000000082e0        0x4 /usr/lib/gcc/arm-none-eabi/6.3.1/libgcc.a(_dvmd_tls.o)
                0x00000000000082e0                __aeabi_ldiv0
                0x00000000000082e0                __aeabi_idiv0
 *fill*         0x00000000000082e4        0xc 
 .text          0x00000000000082f0      0x41c /usr/lib/gcc/arm-none-eabi/6.3.1/libgcc.a(_arm_addsubdf3.o)
                0x00000000000082f0                __aeabi_drsub
                0x00000000000082f8                __aeabi_dsub
                0x00000000000082f8                __subdf3
                0x00000000000082fc                __adddf3
                0x00000000000082fc                __aeabi_dadd
                0x000000000000860c                __aeabi_ui2d
                0x000000000000860c                __floatunsidf
                0x0000000000008630                __floatsidf
                0x0000000000008630                __aeabi_i2d
                0x0000000000008658                __extendsfdf2
                0x0000000000008658                __aeabi_f2d
                0x0000000000008698                __aeabi_ul2d
                0x0000000000008698                __floatundidf
                0x00000000000086ac                __floatdidf
                0x00000000000086ac                __aeabi_l2d
 *fill*         0x000000000000870c        0x4 
 .text          0x0000000000008710      0x49c /usr/lib/gcc/arm-none-eabi/6.3.1/libgcc.a(_arm_muldivdf3.o)
                0x0000000000008710                __aeabi_dmul
                0x0000000000008710                __muldf3
                0x00000000000089a0                __aeabi_ddiv
                0x00000000000089a0                __divdf3
 *fill*         0x0000000000008bac        0x4 
 .text          0x0000000000008bb0       0x5c /usr/lib/gcc/arm-none-eabi/6.3.1/libgcc.a(_arm_fixdfsi.o)
                0x0000000000008bb0                __fixdfsi
                0x0000000000008bb0                __aeabi_d2iz
 *fill*         0x0000000000008c0c        0x4 
 .text          0x0000000000008c10       0xa0 /usr/lib/gcc/arm-none-eabi/6.3.1/libgcc.a(_arm_truncdfsf2.o)
                0x0000000000008c10                __aeabi_d2f
                0x0000000000008c10                __truncdfsf2
 .text          0x0000000000008cb0      0x114 /usr/lib/gcc/arm-none-eabi/6.3.1/libgcc.a(_arm_cmpsf2.o)
                0x0000000000008cb0                __gtsf2
                0x0000000000008cb0                __gesf2
                0x0000000000008cb8                __lesf2
                0x0000000000008cb8                __ltsf2
                0x0000000000008cc0                __nesf2
                0x0000000000008cc0                __eqsf2
                0x0000000000008cc0                __cmpsf2
                0x0000000000008d24                __aeabi_cfrcmple
                0x0000000000008d34                __aeabi_cfcmple
                0x0000000000008d34                __aeabi_cfcmpeq
                0x0000000000008d4c                __aeabi_fcmpeq
                0x0000000000008d64                __aeabi_fcmplt
                0x0000000000008d7c                __aeabi_fcmple
                0x0000000000008d94                __aeabi_fcmpge
                0x0000000000008dac                __aeabi_fcmpgt
 *fill*         0x0000000000008dc4        0xc 
 .text          0x0000000000008dd0       0x5c /usr/lib/gcc/arm-none-eabi/6.3.1/libgcc.a(_arm_fixsfsi.o)
                0x0000000000008dd0                __fixsfsi
                0x0000000000008dd0                __aeabi_f2iz
 *(.text.*)
 *fill*         0x0000000000008e2c        0x4 
 .text._idle_thread
                0x0000000000008e30       0x20 build/obj/chsys.o
                0x0000000000008e30                _idle_thread
 .text.chSysInit
                0x0000000000008e50       0x78 build/obj/chsys.o
                0x0000000000008e50                chSysInit
 *fill*         0x0000000000008ec8        0x8 
 .text.chSysTimerHandlerI
                0x0000000000008ed0       0x90 build/obj/chsys.o
                0x0000000000008ed0                chSysTimerHandlerI
 .text._vt_init
                0x0000000000008f60       0x24 build/obj/chvt.o
                0x0000000000008f60                _vt_init
 *fill*         0x0000000000008f84        0xc 
 .text.chVTSetI
                0x0000000000008f90       0x60 build/obj/chvt.o
                0x0000000000008f90                chVTSetI
 .text.chVTResetI
                0x0000000000008ff0       0x3c build/obj/chvt.o
                0x0000000000008ff0                chVTResetI
 *fill*         0x000000000000902c        0x4 
 .text.wakeup   0x0000000000009030       0xac build/obj/chschd.o
 *fill*         0x00000000000090dc        0x4 
 .text._scheduler_init
                0x00000000000090e0       0x24 build/obj/chschd.o
                0x00000000000090e0                _scheduler_init
 *fill*         0x0000000000009104        0xc 
 .text.chSchReadyI
                0x0000000000009110       0x44 build/obj/chschd.o
                0x0000000000009110                chSchReadyI
 *fill*         0x0000000000009154        0xc 
 .text.chSchGoSleepS
                0x0000000000009160       0x44 build/obj/chschd.o
                0x0000000000009160                chSchGoSleepS
 *fill*         0x00000000000091a4        0xc 
 .text.chSchGoSleepTimeoutS
                0x00000000000091b0       0x74 build/obj/chschd.o
                0x00000000000091b0                chSchGoSleepTimeoutS
 *fill*         0x0000000000009224        0xc 
 .text.chSchWakeupS
                0x0000000000009230       0xa0 build/obj/chschd.o
                0x0000000000009230                chSchWakeupS
 .text.chSchIsPreemptionRequired
                0x00000000000092d0       0x44 build/obj/chschd.o
                0x00000000000092d0                chSchIsPreemptionRequired
 *fill*         0x0000000000009314        0xc 
 .text.chSchDoRescheduleBehind
                0x0000000000009320       0x78 build/obj/chschd.o
                0x0000000000009320                chSchDoRescheduleBehind
 *fill*         0x0000000000009398        0x8 
 .text.chSchDoRescheduleAhead
                0x00000000000093a0       0x70 build/obj/chschd.o
                0x00000000000093a0                chSchDoRescheduleAhead
 .text.chSchRescheduleS
                0x0000000000009410       0x24 build/obj/chschd.o
                0x0000000000009410                chSchRescheduleS
 *fill*         0x0000000000009434        0xc 
 .text.chSchDoReschedule
                0x0000000000009440       0x20 build/obj/chschd.o
                0x0000000000009440                chSchDoReschedule
 .text._thread_init
                0x0000000000009460       0x70 build/obj/chthreads.o
                0x0000000000009460                _thread_init
 .text.chThdCreateStatic
                0x00000000000094d0       0xac build/obj/chthreads.o
                0x00000000000094d0                chThdCreateStatic
 *fill*         0x000000000000957c        0x4 
 .text.chThdSleep
                0x0000000000009580       0x1c build/obj/chthreads.o
                0x0000000000009580                chThdSleep
 *fill*         0x000000000000959c        0x4 
 .text.chThdExitS
                0x00000000000095a0       0x68 build/obj/chthreads.o
                0x00000000000095a0                chThdExitS
 *fill*         0x0000000000009608        0x8 
 .text.chThdExit
                0x0000000000009610        0x8 build/obj/chthreads.o
                0x0000000000009610                chThdExit
 *fill*         0x0000000000009618        0x8 
 .text.chThdWait
                0x0000000000009620       0x50 build/obj/chthreads.o
                0x0000000000009620                chThdWait
 .text.chThdRelease
                0x0000000000009670       0x54 build/obj/chdynamic.o
                0x0000000000009670                chThdRelease
 *fill*         0x00000000000096c4        0xc 
 .text.chSemInit
                0x00000000000096d0       0x10 build/obj/chsem.o
                0x00000000000096d0                chSemInit
 .text.chSemWait
                0x00000000000096e0       0x68 build/obj/chsem.o
                0x00000000000096e0                chSemWait
 *fill*         0x0000000000009748        0x8 
 .text.chSemSignalI
                0x0000000000009750       0x38 build/obj/chsem.o
                0x0000000000009750                chSemSignalI
 *fill*         0x0000000000009788        0x8 
 .text.chMtxInit
                0x0000000000009790       0x14 build/obj/chmtx.o
                0x0000000000009790                chMtxInit
 *fill*         0x00000000000097a4        0xc 
 .text.chMtxLockS
                0x00000000000097b0      0x178 build/obj/chmtx.o
                0x00000000000097b0                chMtxLockS
 *fill*         0x0000000000009928        0x8 
 .text.chMtxLock
                0x0000000000009930       0x14 build/obj/chmtx.o
                0x0000000000009930                chMtxLock
 *fill*         0x0000000000009944        0xc 
 .text.chMtxUnlock
                0x0000000000009950       0xa0 build/obj/chmtx.o
                0x0000000000009950                chMtxUnlock
 .text.chEvtSignalI
                0x00000000000099f0       0x50 build/obj/chevents.o
                0x00000000000099f0                chEvtSignalI
 .text.chEvtBroadcastFlagsI
                0x0000000000009a40       0x40 build/obj/chevents.o
                0x0000000000009a40                chEvtBroadcastFlagsI
 .text.qwait    0x0000000000009a80       0x3c build/obj/chqueues.o
 *fill*         0x0000000000009abc        0x4 
 .text.chIQInit
                0x0000000000009ac0       0x38 build/obj/chqueues.o
                0x0000000000009ac0                chIQInit
 *fill*         0x0000000000009af8        0x8 
 .text.chIQPutI
                0x0000000000009b00       0x8c build/obj/chqueues.o
                0x0000000000009b00                chIQPutI
 *fill*         0x0000000000009b8c        0x4 
 .text.chIQGetTimeout
                0x0000000000009b90       0x74 build/obj/chqueues.o
                0x0000000000009b90                chIQGetTimeout
 *fill*         0x0000000000009c04        0xc 
 .text.chIQReadTimeout
                0x0000000000009c10       0xa8 build/obj/chqueues.o
                0x0000000000009c10                chIQReadTimeout
 *fill*         0x0000000000009cb8        0x8 
 .text.chOQInit
                0x0000000000009cc0       0x34 build/obj/chqueues.o
                0x0000000000009cc0                chOQInit
 *fill*         0x0000000000009cf4        0xc 
 .text.chOQPutTimeout
                0x0000000000009d00       0x8c build/obj/chqueues.o
                0x0000000000009d00                chOQPutTimeout
 *fill*         0x0000000000009d8c        0x4 
 .text.chOQGetI
                0x0000000000009d90       0x80 build/obj/chqueues.o
                0x0000000000009d90                chOQGetI
 .text.chOQWriteTimeout
                0x0000000000009e10       0xac build/obj/chqueues.o
                0x0000000000009e10                chOQWriteTimeout
 *fill*         0x0000000000009ebc        0x4 
 .text._core_init
                0x0000000000009ec0       0x34 build/obj/chmemcore.o
                0x0000000000009ec0                _core_init
 *fill*         0x0000000000009ef4        0xc 
 .text.chCoreAlloc
                0x0000000000009f00       0x44 build/obj/chmemcore.o
                0x0000000000009f00                chCoreAlloc
 *fill*         0x0000000000009f44        0xc 
 .text._heap_init
                0x0000000000009f50       0x28 build/obj/chheap.o
                0x0000000000009f50                _heap_init
 *fill*         0x0000000000009f78        0x8 
 .text.chHeapFree
                0x0000000000009f80       0xc8 build/obj/chheap.o
                0x0000000000009f80                chHeapFree
 *fill*         0x000000000000a048        0x8 
 .text.halInit  0x000000000000a050       0x2c build/obj/hal.o
                0x000000000000a050                halInit
 *fill*         0x000000000000a07c        0x4 
 .text.i2cInit  0x000000000000a080        0x4 build/obj/i2c.o
                0x000000000000a080                i2cInit
 *fill*         0x000000000000a084        0xc 
 .text.i2cObjectInit
                0x000000000000a090       0x18 build/obj/i2c.o
                0x000000000000a090                i2cObjectInit
 *fill*         0x000000000000a0a8        0x8 
 .text.i2cStart
                0x000000000000a0b0       0x24 build/obj/i2c.o
                0x000000000000a0b0                i2cStart
 *fill*         0x000000000000a0d4        0xc 
 .text.i2cMasterTransmitTimeout
                0x000000000000a0e0       0x58 build/obj/i2c.o
                0x000000000000a0e0                i2cMasterTransmitTimeout
 *fill*         0x000000000000a138        0x8 
 .text.readt    0x000000000000a140        0x8 build/obj/serial.o
 *fill*         0x000000000000a148        0x8 
 .text.read     0x000000000000a150        0xc build/obj/serial.o
 *fill*         0x000000000000a15c        0x4 
 .text.writet   0x000000000000a160        0x8 build/obj/serial.o
 *fill*         0x000000000000a168        0x8 
 .text.write    0x000000000000a170        0xc build/obj/serial.o
 *fill*         0x000000000000a17c        0x4 
 .text.gett     0x000000000000a180        0x8 build/obj/serial.o
 *fill*         0x000000000000a188        0x8 
 .text.get      0x000000000000a190        0xc build/obj/serial.o
 *fill*         0x000000000000a19c        0x4 
 .text.putt     0x000000000000a1a0        0x8 build/obj/serial.o
 *fill*         0x000000000000a1a8        0x8 
 .text.put      0x000000000000a1b0        0xc build/obj/serial.o
 *fill*         0x000000000000a1bc        0x4 
 .text.sdInit   0x000000000000a1c0        0x4 build/obj/serial.o
                0x000000000000a1c0                sdInit
 *fill*         0x000000000000a1c4        0xc 
 .text.sdObjectInit
                0x000000000000a1d0       0x60 build/obj/serial.o
                0x000000000000a1d0                sdObjectInit
 .text.sdStart  0x000000000000a230       0x20 build/obj/serial.o
                0x000000000000a230                sdStart
 .text.sdIncomingDataI
                0x000000000000a250       0x4c build/obj/serial.o
                0x000000000000a250                sdIncomingDataI
 *fill*         0x000000000000a29c        0x4 
 .text.sdRequestDataI
                0x000000000000a2a0       0x34 build/obj/serial.o
                0x000000000000a2a0                sdRequestDataI
 *fill*         0x000000000000a2d4        0xc 
 .text.spiInit  0x000000000000a2e0        0x4 build/obj/spi.o
                0x000000000000a2e0                spiInit
 *fill*         0x000000000000a2e4        0xc 
 .text.spiObjectInit
                0x000000000000a2f0       0x1c build/obj/spi.o
                0x000000000000a2f0                spiObjectInit
 *fill*         0x000000000000a30c        0x4 
 .text.tm_start
                0x000000000000a310       0x14 build/obj/tm.o
 *fill*         0x000000000000a324        0xc 
 .text.tm_stop  0x000000000000a330       0x4c build/obj/tm.o
 *fill*         0x000000000000a37c        0x4 
 .text.tmInit   0x000000000000a380       0x64 build/obj/tm.o
                0x000000000000a380                tmInit
 *fill*         0x000000000000a3e4        0xc 
 .text.IrqHandler
                0x000000000000a3f0       0x40 build/obj/hal_lld.o
                0x000000000000a3f0                IrqHandler
 .text.hal_lld_init
                0x000000000000a430       0x50 build/obj/hal_lld.o
                0x000000000000a430                hal_lld_init
 .text.set_gpio_in.isra.0
                0x000000000000a480       0x54 build/obj/pal_lld.o
 *fill*         0x000000000000a4d4        0xc 
 .text._pal_lld_init
                0x000000000000a4e0       0x8c build/obj/pal_lld.o
                0x000000000000a4e0                _pal_lld_init
 *fill*         0x000000000000a56c        0x4 
 .text.output_notify
                0x000000000000a570       0x18 build/obj/serial_lld.o
 *fill*         0x000000000000a588        0x8 
 .text.sd_lld_serve_interrupt
                0x000000000000a590       0xa8 build/obj/serial_lld.o
                0x000000000000a590                sd_lld_serve_interrupt
 *fill*         0x000000000000a638        0x8 
 .text.sd_lld_init
                0x000000000000a640       0x18 build/obj/serial_lld.o
                0x000000000000a640                sd_lld_init
 *fill*         0x000000000000a658        0x8 
 .text.sd_lld_start
                0x000000000000a660       0xc4 build/obj/serial_lld.o
                0x000000000000a660                sd_lld_start
 *fill*         0x000000000000a724        0xc 
 .text.i2c_lld_safety_timeout
                0x000000000000a730       0x74 build/obj/i2c_lld.o
 *fill*         0x000000000000a7a4        0xc 
 .text.i2c_lld_serve_interrupt
                0x000000000000a7b0      0x148 build/obj/i2c_lld.o
                0x000000000000a7b0                i2c_lld_serve_interrupt
 *fill*         0x000000000000a8f8        0x8 
 .text.i2c_lld_init
                0x000000000000a900       0x1c build/obj/i2c_lld.o
                0x000000000000a900                i2c_lld_init
 *fill*         0x000000000000a91c        0x4 
 .text.i2c_lld_start
                0x000000000000a920       0x68 build/obj/i2c_lld.o
                0x000000000000a920                i2c_lld_start
 *fill*         0x000000000000a988        0x8 
 .text.i2c_lld_master_receive_timeout
                0x000000000000a990       0xcc build/obj/i2c_lld.o
                0x000000000000a990                i2c_lld_master_receive_timeout
 *fill*         0x000000000000aa5c        0x4 
 .text.i2c_lld_master_transmit_timeout
                0x000000000000aa60      0x13c build/obj/i2c_lld.o
                0x000000000000aa60                i2c_lld_master_transmit_timeout
 *fill*         0x000000000000ab9c        0x4 
 .text.spi_lld_serve_interrupt
                0x000000000000aba0      0x1a8 build/obj/spi_lld.o
                0x000000000000aba0                spi_lld_serve_interrupt
 *fill*         0x000000000000ad48        0x8 
 .text.spi_lld_init
                0x000000000000ad50        0xc build/obj/spi_lld.o
                0x000000000000ad50                spi_lld_init
 *fill*         0x000000000000ad5c        0x4 
 .text.bcm2835_gpio_fnsel
                0x000000000000ad60       0x4c build/obj/bcm2835.o
                0x000000000000ad60                bcm2835_gpio_fnsel
 *fill*         0x000000000000adac        0x4 
 .text.bcm2835_delay
                0x000000000000adb0       0x3c build/obj/bcm2835.o
                0x000000000000adb0                bcm2835_delay
 *fill*         0x000000000000adec        0x4 
 .text.boardInit
                0x000000000000adf0        0x4 build/obj/board.o
                0x000000000000adf0                boardInit
 *fill*         0x000000000000adf4        0xc 
 .text.chprintf
                0x000000000000ae00      0x7d4 build/obj/chprintf.o
                0x000000000000ae00                chprintf
 *fill*         0x000000000000b5d4        0xc 
 .text.Thread_LCD
                0x000000000000b5e0      0x2f0 build/obj/main.o
 .text.Thread_Arduino
                0x000000000000b8d0      0x16c build/obj/main.o
 *fill*         0x000000000000ba3c        0x4 
 .text.Thread_I2C
                0x000000000000ba40       0xcc build/obj/main.o
 *fill*         0x000000000000bb0c        0x4 
 .text.startup.main
                0x000000000000bb10      0x15c build/obj/main.o
                0x000000000000bb10                main
 *(.rodata)
 *(.rodata.*)
 *fill*         0x000000000000bc6c        0x4 
 .rodata._idle_thread.str1.4
                0x000000000000bc70        0x5 build/obj/chsys.o
 *fill*         0x000000000000bc75        0xb 
 .rodata.ch_debug
                0x000000000000bc80       0x16 build/obj/chregistry.o
                0x000000000000bc80                ch_debug
 *fill*         0x000000000000bc96        0xa 
 .rodata.vmt    0x000000000000bca0       0x20 build/obj/serial.o
 .rodata.default_config
                0x000000000000bcc0        0x4 build/obj/serial_lld.o
 *fill*         0x000000000000bcc4        0xc 
 .rodata.pal_default_config
                0x000000000000bcd0        0x0 build/obj/board.o
                0x000000000000bcd0                pal_default_config
 .rodata.chprintf.str1.4
                0x000000000000bcd0        0x7 build/obj/chprintf.o
 *fill*         0x000000000000bcd7        0x9 
 .rodata.Thread_Arduino.str1.4
                0x000000000000bce0        0xe build/obj/main.o
 *fill*         0x000000000000bcee        0x2 
 .rodata.Thread_I2C.str1.4
                0x000000000000bcf0        0xf build/obj/main.o
 *fill*         0x000000000000bcff        0x1 
 .rodata.Thread_LCD.str1.4
                0x000000000000bd00       0x54 build/obj/main.o
                                         0x51 (size before relaxing)
 *(.glue_7t)
 .glue_7t       0x000000000000bd54        0x0 linker stubs
 *(.glue_7)
 .glue_7        0x000000000000bd54        0x0 linker stubs
 *(.gcc*)
 *(.ctors)
 *(.dtors)

.vfp11_veneer   0x000000000000bd54        0x0
 .vfp11_veneer  0x000000000000bd54        0x0 linker stubs

.v4_bx          0x000000000000bd54        0x0
 .v4_bx         0x000000000000bd54        0x0 linker stubs

.iplt           0x000000000000bd54        0x0
 .iplt          0x000000000000bd54        0x0 build/obj/crt0.o

.rel.dyn        0x000000000000bd54        0x0
 .rel.iplt      0x000000000000bd54        0x0 build/obj/crt0.o

.ARM.extab
 *(.ARM.extab* .gnu.linkonce.armextab.*)
                0x000000000000bd54                __exidx_start = .

.ARM.exidx
 *(.ARM.exidx* .gnu.linkonce.armexidx.*)
                0x000000000000bd54                __exidx_end = .

.eh_frame_hdr
 *(.eh_frame_hdr)

.eh_frame
 *(.eh_frame)
                0x000000000000bd54                . = ALIGN (0x4)
                0x000000000000bd54                _etext = .
                0x000000000000bd54                _textdata = _etext

.data           0x000000000000bd54        0xc
                0x000000000000bd54                _data = .
 *(.data)
                0x000000000000bd54                . = ALIGN (0x4)
 *(.data.*)
 .data.smph     0x000000000000bd54        0xc build/obj/main.o
                0x000000000000bd54                smph
                0x000000000000bd60                . = ALIGN (0x4)
 *(.ramtext)
                0x000000000000bd60                . = ALIGN (0x4)
                0x000000000000bd60                _edata = .

.igot.plt       0x000000000000bd60        0x0
 .igot.plt      0x000000000000bd60        0x0 build/obj/crt0.o

.bss            0x000000000000bd60      0x5e8
                0x000000000000bd60                _bss_start = .
 *(.bss)
                0x000000000000bd60                . = ALIGN (0x4)
 *(.bss.*)
 .bss.mainthread.4736
                0x000000000000bd60       0x44 build/obj/chsys.o
 .bss.endmem    0x000000000000bda4        0x4 build/obj/chmemcore.o
 .bss.nextmem   0x000000000000bda8        0x4 build/obj/chmemcore.o
 .bss.default_heap
                0x000000000000bdac       0x1c build/obj/chheap.o
 .bss.measurement_offset
                0x000000000000bdc8        0x4 build/obj/tm.o
 .bss.distance  0x000000000000bdcc        0x1 build/obj/main.o
                0x000000000000bdcc                distance
 .bss.humidity  0x000000000000bdcd        0x1 build/obj/main.o
                0x000000000000bdcd                humidity
 *fill*         0x000000000000bdce        0x2 
 .bss.request   0x000000000000bdd0        0x5 build/obj/main.o
                0x000000000000bdd0                request
 *fill*         0x000000000000bdd5        0x3 
 .bss.result    0x000000000000bdd8        0x6 build/obj/main.o
                0x000000000000bdd8                result
 .bss.temperature
                0x000000000000bdde        0x1 build/obj/main.o
                0x000000000000bdde                temperature
 *fill*         0x000000000000bddf        0x1 
 .bss.waThread_Arduino
                0x000000000000bde0      0x118 build/obj/main.o
 .bss.waThread_I2C
                0x000000000000bef8      0x118 build/obj/main.o
 .bss.waThread_LCD
                0x000000000000c010      0x118 build/obj/main.o
                0x000000000000c128                . = ALIGN (0x4)
 *(COMMON)
 COMMON         0x000000000000c128       0x9c build/obj/chsys.o
                0x000000000000c128                _idle_thread_wa
 COMMON         0x000000000000c1c4       0x10 build/obj/chvt.o
                0x000000000000c1c4                vtlist
 COMMON         0x000000000000c1d4       0x1c build/obj/chschd.o
                0x000000000000c1d4                rlist
 COMMON         0x000000000000c1f0       0x30 build/obj/pal_lld.o
                0x000000000000c1f0                IOPORT1
                0x000000000000c208                IOPORT0
 COMMON         0x000000000000c220       0x74 build/obj/serial_lld.o
                0x000000000000c220                SD1
 COMMON         0x000000000000c294       0x80 build/obj/i2c_lld.o
                0x000000000000c294                I2C1
                0x000000000000c2d4                I2C0
 COMMON         0x000000000000c314       0x28 build/obj/spi_lld.o
                0x000000000000c314                SPI0
 COMMON         0x000000000000c33c        0xc build/obj/main.o
                0x000000000000c33c                coords
                0x000000000000c348                . = ALIGN (0x4)
                0x000000000000c348                _bss_end = .
                [!provide]                        PROVIDE (end, .)
                0x000000000000c348                _end = .
                0x000000000000c348                __heap_base__ = _end
                0x0000000006007b44                __heap_end__ = (__ram_end__ - __stacks_total_size__)
                0x0000000006007b44                __main_thread_stack_base__ = (__ram_end__ - __stacks_total_size__)
OUTPUT(build/ch.elf elf32-littlearm)

.ARM.attributes
                0x0000000000000000       0x33
 .ARM.attributes
                0x0000000000000000       0x25 build/obj/crt0.o
 .ARM.attributes
                0x0000000000000025       0x25 build/obj/chcoreasm.o
 .ARM.attributes
                0x000000000000004a       0x25 build/obj/vectors.o
 .ARM.attributes
                0x000000000000006f       0x37 build/obj/chsys.o
 .ARM.attributes
                0x00000000000000a6       0x37 build/obj/chvt.o
 .ARM.attributes
                0x00000000000000dd       0x37 build/obj/chschd.o
 .ARM.attributes
                0x0000000000000114       0x37 build/obj/chthreads.o
 .ARM.attributes
                0x000000000000014b       0x37 build/obj/chdynamic.o
 .ARM.attributes
                0x0000000000000182       0x37 build/obj/chregistry.o
 .ARM.attributes
                0x00000000000001b9       0x37 build/obj/chsem.o
 .ARM.attributes
                0x00000000000001f0       0x37 build/obj/chmtx.o
 .ARM.attributes
                0x0000000000000227       0x37 build/obj/chevents.o
 .ARM.attributes
                0x000000000000025e       0x37 build/obj/chqueues.o
 .ARM.attributes
                0x0000000000000295       0x37 build/obj/chmemcore.o
 .ARM.attributes
                0x00000000000002cc       0x37 build/obj/chheap.o
 .ARM.attributes
                0x0000000000000303       0x37 build/obj/hal.o
 .ARM.attributes
                0x000000000000033a       0x37 build/obj/i2c.o
 .ARM.attributes
                0x0000000000000371       0x37 build/obj/serial.o
 .ARM.attributes
                0x00000000000003a8       0x37 build/obj/spi.o
 .ARM.attributes
                0x00000000000003df       0x37 build/obj/tm.o
 .ARM.attributes
                0x0000000000000416       0x37 build/obj/hal_lld.o
 .ARM.attributes
                0x000000000000044d       0x37 build/obj/pal_lld.o
 .ARM.attributes
                0x0000000000000484       0x37 build/obj/serial_lld.o
 .ARM.attributes
                0x00000000000004bb       0x37 build/obj/i2c_lld.o
 .ARM.attributes
                0x00000000000004f2       0x37 build/obj/spi_lld.o
 .ARM.attributes
                0x0000000000000529       0x37 build/obj/bcm2835.o
 .ARM.attributes
                0x0000000000000560       0x37 build/obj/board.o
 .ARM.attributes
                0x0000000000000597       0x37 build/obj/chprintf.o
 .ARM.attributes
                0x00000000000005ce       0x37 build/obj/main.o
 .ARM.attributes
                0x0000000000000605       0x18 /usr/lib/gcc/arm-none-eabi/6.3.1/libgcc.a(_udivsi3.o)
 .ARM.attributes
                0x000000000000061d       0x18 /usr/lib/gcc/arm-none-eabi/6.3.1/libgcc.a(_dvmd_tls.o)
 .ARM.attributes
                0x0000000000000635       0x18 /usr/lib/gcc/arm-none-eabi/6.3.1/libgcc.a(_arm_addsubdf3.o)
 .ARM.attributes
                0x000000000000064d       0x18 /usr/lib/gcc/arm-none-eabi/6.3.1/libgcc.a(_arm_muldivdf3.o)
 .ARM.attributes
                0x0000000000000665       0x18 /usr/lib/gcc/arm-none-eabi/6.3.1/libgcc.a(_arm_fixdfsi.o)
 .ARM.attributes
                0x000000000000067d       0x18 /usr/lib/gcc/arm-none-eabi/6.3.1/libgcc.a(_arm_truncdfsf2.o)
 .ARM.attributes
                0x0000000000000695       0x18 /usr/lib/gcc/arm-none-eabi/6.3.1/libgcc.a(_arm_cmpsf2.o)
 .ARM.attributes
                0x00000000000006ad       0x18 /usr/lib/gcc/arm-none-eabi/6.3.1/libgcc.a(_arm_fixsfsi.o)

.comment        0x0000000000000000       0x31
 .comment       0x0000000000000000       0x31 build/obj/chsys.o
                                         0x32 (size before relaxing)
 .comment       0x0000000000000031       0x32 build/obj/chvt.o
 .comment       0x0000000000000031       0x32 build/obj/chschd.o
 .comment       0x0000000000000031       0x32 build/obj/chthreads.o
 .comment       0x0000000000000031       0x32 build/obj/chdynamic.o
 .comment       0x0000000000000031       0x32 build/obj/chregistry.o
 .comment       0x0000000000000031       0x32 build/obj/chsem.o
 .comment       0x0000000000000031       0x32 build/obj/chmtx.o
 .comment       0x0000000000000031       0x32 build/obj/chevents.o
 .comment       0x0000000000000031       0x32 build/obj/chqueues.o
 .comment       0x0000000000000031       0x32 build/obj/chmemcore.o
 .comment       0x0000000000000031       0x32 build/obj/chheap.o
 .comment       0x0000000000000031       0x32 build/obj/hal.o
 .comment       0x0000000000000031       0x32 build/obj/i2c.o
 .comment       0x0000000000000031       0x32 build/obj/serial.o
 .comment       0x0000000000000031       0x32 build/obj/spi.o
 .comment       0x0000000000000031       0x32 build/obj/tm.o
 .comment       0x0000000000000031       0x32 build/obj/hal_lld.o
 .comment       0x0000000000000031       0x32 build/obj/pal_lld.o
 .comment       0x0000000000000031       0x32 build/obj/serial_lld.o
 .comment       0x0000000000000031       0x32 build/obj/i2c_lld.o
 .comment       0x0000000000000031       0x32 build/obj/spi_lld.o
 .comment       0x0000000000000031       0x32 build/obj/bcm2835.o
 .comment       0x0000000000000031       0x32 build/obj/board.o
 .comment       0x0000000000000031       0x32 build/obj/chprintf.o
 .comment       0x0000000000000031       0x32 build/obj/main.o

.debug_info     0x0000000000000000    0x1526a
 .debug_info    0x0000000000000000      0x76f build/obj/chsys.o
 .debug_info    0x000000000000076f      0x6ef build/obj/chvt.o
 .debug_info    0x0000000000000e5e      0xb08 build/obj/chschd.o
 .debug_info    0x0000000000001966      0xb21 build/obj/chthreads.o
 .debug_info    0x0000000000002487      0x868 build/obj/chdynamic.o
 .debug_info    0x0000000000002cef      0x690 build/obj/chregistry.o
 .debug_info    0x000000000000337f      0xc6e build/obj/chsem.o
 .debug_info    0x0000000000003fed      0xada build/obj/chmtx.o
 .debug_info    0x0000000000004ac7      0xc08 build/obj/chevents.o
 .debug_info    0x00000000000056cf      0xc46 build/obj/chqueues.o
 .debug_info    0x0000000000006315      0x721 build/obj/chmemcore.o
 .debug_info    0x0000000000006a36      0x922 build/obj/chheap.o
 .debug_info    0x0000000000007358      0xea7 build/obj/hal.o
 .debug_info    0x00000000000081ff     0x1026 build/obj/i2c.o
 .debug_info    0x0000000000009225     0x1366 build/obj/serial.o
 .debug_info    0x000000000000a58b     0x12c7 build/obj/spi.o
 .debug_info    0x000000000000b852      0xeaa build/obj/tm.o
 .debug_info    0x000000000000c6fc      0xe68 build/obj/hal_lld.o
 .debug_info    0x000000000000d564     0x106a build/obj/pal_lld.o
 .debug_info    0x000000000000e5ce     0x109c build/obj/serial_lld.o
 .debug_info    0x000000000000f66a     0x1152 build/obj/i2c_lld.o
 .debug_info    0x00000000000107bc     0x1223 build/obj/spi_lld.o
 .debug_info    0x00000000000119df      0x117 build/obj/bcm2835.o
 .debug_info    0x0000000000011af6      0xd40 build/obj/board.o
 .debug_info    0x0000000000012836      0xb89 build/obj/chprintf.o
 .debug_info    0x00000000000133bf     0x1935 build/obj/main.o
 .debug_info    0x0000000000014cf4       0xae /usr/lib/gcc/arm-none-eabi/6.3.1/libgcc.a(_udivsi3.o)
 .debug_info    0x0000000000014da2       0xae /usr/lib/gcc/arm-none-eabi/6.3.1/libgcc.a(_dvmd_tls.o)
 .debug_info    0x0000000000014e50       0xaf /usr/lib/gcc/arm-none-eabi/6.3.1/libgcc.a(_arm_addsubdf3.o)
 .debug_info    0x0000000000014eff       0xaf /usr/lib/gcc/arm-none-eabi/6.3.1/libgcc.a(_arm_muldivdf3.o)
 .debug_info    0x0000000000014fae       0xaf /usr/lib/gcc/arm-none-eabi/6.3.1/libgcc.a(_arm_fixdfsi.o)
 .debug_info    0x000000000001505d       0xaf /usr/lib/gcc/arm-none-eabi/6.3.1/libgcc.a(_arm_truncdfsf2.o)
 .debug_info    0x000000000001510c       0xaf /usr/lib/gcc/arm-none-eabi/6.3.1/libgcc.a(_arm_cmpsf2.o)
 .debug_info    0x00000000000151bb       0xaf /usr/lib/gcc/arm-none-eabi/6.3.1/libgcc.a(_arm_fixsfsi.o)

.debug_abbrev   0x0000000000000000     0x3adb
 .debug_abbrev  0x0000000000000000      0x1af build/obj/chsys.o
 .debug_abbrev  0x00000000000001af      0x182 build/obj/chvt.o
 .debug_abbrev  0x0000000000000331      0x340 build/obj/chschd.o
 .debug_abbrev  0x0000000000000671      0x304 build/obj/chthreads.o
 .debug_abbrev  0x0000000000000975      0x1d8 build/obj/chdynamic.o
 .debug_abbrev  0x0000000000000b4d      0x14b build/obj/chregistry.o
 .debug_abbrev  0x0000000000000c98      0x304 build/obj/chsem.o
 .debug_abbrev  0x0000000000000f9c      0x2da build/obj/chmtx.o
 .debug_abbrev  0x0000000000001276      0x296 build/obj/chevents.o
 .debug_abbrev  0x000000000000150c      0x326 build/obj/chqueues.o
 .debug_abbrev  0x0000000000001832      0x1b8 build/obj/chmemcore.o
 .debug_abbrev  0x00000000000019ea      0x1e0 build/obj/chheap.o
 .debug_abbrev  0x0000000000001bca      0x22c build/obj/hal.o
 .debug_abbrev  0x0000000000001df6      0x20c build/obj/i2c.o
 .debug_abbrev  0x0000000000002002      0x250 build/obj/serial.o
 .debug_abbrev  0x0000000000002252      0x1fd build/obj/spi.o
 .debug_abbrev  0x000000000000244f      0x237 build/obj/tm.o
 .debug_abbrev  0x0000000000002686      0x20f build/obj/hal_lld.o
 .debug_abbrev  0x0000000000002895      0x25a build/obj/pal_lld.o
 .debug_abbrev  0x0000000000002aef      0x2cf build/obj/serial_lld.o
 .debug_abbrev  0x0000000000002dbe      0x2e8 build/obj/i2c_lld.o
 .debug_abbrev  0x00000000000030a6      0x323 build/obj/spi_lld.o
 .debug_abbrev  0x00000000000033c9       0xac build/obj/bcm2835.o
 .debug_abbrev  0x0000000000003475      0x161 build/obj/board.o
 .debug_abbrev  0x00000000000035d6      0x24c build/obj/chprintf.o
 .debug_abbrev  0x0000000000003822      0x219 build/obj/main.o
 .debug_abbrev  0x0000000000003a3b       0x14 /usr/lib/gcc/arm-none-eabi/6.3.1/libgcc.a(_udivsi3.o)
 .debug_abbrev  0x0000000000003a4f       0x14 /usr/lib/gcc/arm-none-eabi/6.3.1/libgcc.a(_dvmd_tls.o)
 .debug_abbrev  0x0000000000003a63       0x14 /usr/lib/gcc/arm-none-eabi/6.3.1/libgcc.a(_arm_addsubdf3.o)
 .debug_abbrev  0x0000000000003a77       0x14 /usr/lib/gcc/arm-none-eabi/6.3.1/libgcc.a(_arm_muldivdf3.o)
 .debug_abbrev  0x0000000000003a8b       0x14 /usr/lib/gcc/arm-none-eabi/6.3.1/libgcc.a(_arm_fixdfsi.o)
 .debug_abbrev  0x0000000000003a9f       0x14 /usr/lib/gcc/arm-none-eabi/6.3.1/libgcc.a(_arm_truncdfsf2.o)
 .debug_abbrev  0x0000000000003ab3       0x14 /usr/lib/gcc/arm-none-eabi/6.3.1/libgcc.a(_arm_cmpsf2.o)
 .debug_abbrev  0x0000000000003ac7       0x14 /usr/lib/gcc/arm-none-eabi/6.3.1/libgcc.a(_arm_fixsfsi.o)

.debug_loc      0x0000000000000000     0x4583
 .debug_loc     0x0000000000000000       0x31 build/obj/chsys.o
 .debug_loc     0x0000000000000031       0xef build/obj/chvt.o
 .debug_loc     0x0000000000000120      0x2e3 build/obj/chschd.o
 .debug_loc     0x0000000000000403      0x3c8 build/obj/chthreads.o
 .debug_loc     0x00000000000007cb       0xf7 build/obj/chdynamic.o
 .debug_loc     0x00000000000008c2       0x21 build/obj/chregistry.o
 .debug_loc     0x00000000000008e3      0x5ca build/obj/chsem.o
 .debug_loc     0x0000000000000ead      0x343 build/obj/chmtx.o
 .debug_loc     0x00000000000011f0      0x4f4 build/obj/chevents.o
 .debug_loc     0x00000000000016e4      0x4b6 build/obj/chqueues.o
 .debug_loc     0x0000000000001b9a       0xa3 build/obj/chmemcore.o
 .debug_loc     0x0000000000001c3d      0x3b1 build/obj/chheap.o
 .debug_loc     0x0000000000001fee       0xc3 build/obj/hal.o
 .debug_loc     0x00000000000020b1      0x1fd build/obj/i2c.o
 .debug_loc     0x00000000000022ae      0x4c6 build/obj/serial.o
 .debug_loc     0x0000000000002774      0x428 build/obj/spi.o
 .debug_loc     0x0000000000002b9c       0x48 build/obj/tm.o
 .debug_loc     0x0000000000002be4       0x60 build/obj/hal_lld.o
 .debug_loc     0x0000000000002c44      0x345 build/obj/pal_lld.o
 .debug_loc     0x0000000000002f89      0x198 build/obj/serial_lld.o
 .debug_loc     0x0000000000003121      0x3a5 build/obj/i2c_lld.o
 .debug_loc     0x00000000000034c6      0x315 build/obj/spi_lld.o
 .debug_loc     0x00000000000037db       0x75 build/obj/bcm2835.o
 .debug_loc     0x0000000000003850      0xcd0 build/obj/chprintf.o
 .debug_loc     0x0000000000004520       0x63 build/obj/main.o

.debug_aranges  0x0000000000000000      0x928
 .debug_aranges
                0x0000000000000000       0x30 build/obj/chsys.o
 .debug_aranges
                0x0000000000000030       0x38 build/obj/chvt.o
 .debug_aranges
                0x0000000000000068       0x70 build/obj/chschd.o
 .debug_aranges
                0x00000000000000d8       0x78 build/obj/chthreads.o
 .debug_aranges
                0x0000000000000150       0x30 build/obj/chdynamic.o
 .debug_aranges
                0x0000000000000180       0x28 build/obj/chregistry.o
 .debug_aranges
                0x00000000000001a8       0x70 build/obj/chsem.o
 .debug_aranges
                0x0000000000000218       0x58 build/obj/chmtx.o
 .debug_aranges
                0x0000000000000270       0xa0 build/obj/chevents.o
 .debug_aranges
                0x0000000000000310       0x70 build/obj/chqueues.o
 .debug_aranges
                0x0000000000000380       0x38 build/obj/chmemcore.o
 .debug_aranges
                0x00000000000003b8       0x40 build/obj/chheap.o
 .debug_aranges
                0x00000000000003f8       0x30 build/obj/hal.o
 .debug_aranges
                0x0000000000000428       0x60 build/obj/i2c.o
 .debug_aranges
                0x0000000000000488       0x88 build/obj/serial.o
 .debug_aranges
                0x0000000000000510       0x98 build/obj/spi.o
 .debug_aranges
                0x00000000000005a8       0x38 build/obj/tm.o
 .debug_aranges
                0x00000000000005e0       0x48 build/obj/hal_lld.o
 .debug_aranges
                0x0000000000000628       0x40 build/obj/pal_lld.o
 .debug_aranges
                0x0000000000000668       0x60 build/obj/serial_lld.o
 .debug_aranges
                0x00000000000006c8       0x50 build/obj/i2c_lld.o
 .debug_aranges
                0x0000000000000718       0x70 build/obj/spi_lld.o
 .debug_aranges
                0x0000000000000788       0x28 build/obj/bcm2835.o
 .debug_aranges
                0x00000000000007b0       0x20 build/obj/board.o
 .debug_aranges
                0x00000000000007d0       0x20 build/obj/chprintf.o
 .debug_aranges
                0x00000000000007f0       0x38 build/obj/main.o
 .debug_aranges
                0x0000000000000828       0x20 /usr/lib/gcc/arm-none-eabi/6.3.1/libgcc.a(_udivsi3.o)
 .debug_aranges
                0x0000000000000848       0x20 /usr/lib/gcc/arm-none-eabi/6.3.1/libgcc.a(_dvmd_tls.o)
 .debug_aranges
                0x0000000000000868       0x20 /usr/lib/gcc/arm-none-eabi/6.3.1/libgcc.a(_arm_addsubdf3.o)
 .debug_aranges
                0x0000000000000888       0x20 /usr/lib/gcc/arm-none-eabi/6.3.1/libgcc.a(_arm_muldivdf3.o)
 .debug_aranges
                0x00000000000008a8       0x20 /usr/lib/gcc/arm-none-eabi/6.3.1/libgcc.a(_arm_fixdfsi.o)
 .debug_aranges
                0x00000000000008c8       0x20 /usr/lib/gcc/arm-none-eabi/6.3.1/libgcc.a(_arm_truncdfsf2.o)
 .debug_aranges
                0x00000000000008e8       0x20 /usr/lib/gcc/arm-none-eabi/6.3.1/libgcc.a(_arm_cmpsf2.o)
 .debug_aranges
                0x0000000000000908       0x20 /usr/lib/gcc/arm-none-eabi/6.3.1/libgcc.a(_arm_fixsfsi.o)

.debug_ranges   0x0000000000000000      0xbe8
 .debug_ranges  0x0000000000000000       0x20 build/obj/chsys.o
 .debug_ranges  0x0000000000000020       0x28 build/obj/chvt.o
 .debug_ranges  0x0000000000000048      0x168 build/obj/chschd.o
 .debug_ranges  0x00000000000001b0       0xe8 build/obj/chthreads.o
 .debug_ranges  0x0000000000000298       0x20 build/obj/chdynamic.o
 .debug_ranges  0x00000000000002b8       0x18 build/obj/chregistry.o
 .debug_ranges  0x00000000000002d0      0x118 build/obj/chsem.o
 .debug_ranges  0x00000000000003e8      0x118 build/obj/chmtx.o
 .debug_ranges  0x0000000000000500       0x90 build/obj/chevents.o
 .debug_ranges  0x0000000000000590       0xa8 build/obj/chqueues.o
 .debug_ranges  0x0000000000000638       0x28 build/obj/chmemcore.o
 .debug_ranges  0x0000000000000660       0x30 build/obj/chheap.o
 .debug_ranges  0x0000000000000690       0x40 build/obj/hal.o
 .debug_ranges  0x00000000000006d0       0x50 build/obj/i2c.o
 .debug_ranges  0x0000000000000720       0x78 build/obj/serial.o
 .debug_ranges  0x0000000000000798       0x88 build/obj/spi.o
 .debug_ranges  0x0000000000000820       0x78 build/obj/tm.o
 .debug_ranges  0x0000000000000898       0x50 build/obj/hal_lld.o
 .debug_ranges  0x00000000000008e8       0x90 build/obj/pal_lld.o
 .debug_ranges  0x0000000000000978       0xe8 build/obj/serial_lld.o
 .debug_ranges  0x0000000000000a60       0x78 build/obj/i2c_lld.o
 .debug_ranges  0x0000000000000ad8       0x80 build/obj/spi_lld.o
 .debug_ranges  0x0000000000000b58       0x18 build/obj/bcm2835.o
 .debug_ranges  0x0000000000000b70       0x10 build/obj/board.o
 .debug_ranges  0x0000000000000b80       0x40 build/obj/chprintf.o
 .debug_ranges  0x0000000000000bc0       0x28 build/obj/main.o

.debug_line     0x0000000000000000     0x4c0e
 .debug_line    0x0000000000000000      0x1a3 build/obj/chsys.o
 .debug_line    0x00000000000001a3      0x1a1 build/obj/chvt.o
 .debug_line    0x0000000000000344      0x374 build/obj/chschd.o
 .debug_line    0x00000000000006b8      0x36b build/obj/chthreads.o
 .debug_line    0x0000000000000a23      0x1d1 build/obj/chdynamic.o
 .debug_line    0x0000000000000bf4      0x1a6 build/obj/chregistry.o
 .debug_line    0x0000000000000d9a      0x341 build/obj/chsem.o
 .debug_line    0x00000000000010db      0x314 build/obj/chmtx.o
 .debug_line    0x00000000000013ef      0x305 build/obj/chevents.o
 .debug_line    0x00000000000016f4      0x343 build/obj/chqueues.o
 .debug_line    0x0000000000001a37      0x1c5 build/obj/chmemcore.o
 .debug_line    0x0000000000001bfc      0x262 build/obj/chheap.o
 .debug_line    0x0000000000001e5e      0x2c8 build/obj/hal.o
 .debug_line    0x0000000000002126      0x2d1 build/obj/i2c.o
 .debug_line    0x00000000000023f7      0x325 build/obj/serial.o
 .debug_line    0x000000000000271c      0x34a build/obj/spi.o
 .debug_line    0x0000000000002a66      0x2a6 build/obj/tm.o
 .debug_line    0x0000000000002d0c      0x2a7 build/obj/hal_lld.o
 .debug_line    0x0000000000002fb3      0x2c1 build/obj/pal_lld.o
 .debug_line    0x0000000000003274      0x348 build/obj/serial_lld.o
 .debug_line    0x00000000000035bc      0x33c build/obj/i2c_lld.o
 .debug_line    0x00000000000038f8      0x3a0 build/obj/spi_lld.o
 .debug_line    0x0000000000003c98       0xd0 build/obj/bcm2835.o
 .debug_line    0x0000000000003d68      0x22e build/obj/board.o
 .debug_line    0x0000000000003f96      0x2ff build/obj/chprintf.o
 .debug_line    0x0000000000004295      0x3bb build/obj/main.o
 .debug_line    0x0000000000004650       0x78 /usr/lib/gcc/arm-none-eabi/6.3.1/libgcc.a(_udivsi3.o)
 .debug_line    0x00000000000046c8       0x5b /usr/lib/gcc/arm-none-eabi/6.3.1/libgcc.a(_dvmd_tls.o)
 .debug_line    0x0000000000004723      0x168 /usr/lib/gcc/arm-none-eabi/6.3.1/libgcc.a(_arm_addsubdf3.o)
 .debug_line    0x000000000000488b      0x17c /usr/lib/gcc/arm-none-eabi/6.3.1/libgcc.a(_arm_muldivdf3.o)
 .debug_line    0x0000000000004a07       0x72 /usr/lib/gcc/arm-none-eabi/6.3.1/libgcc.a(_arm_fixdfsi.o)
 .debug_line    0x0000000000004a79       0x83 /usr/lib/gcc/arm-none-eabi/6.3.1/libgcc.a(_arm_truncdfsf2.o)
 .debug_line    0x0000000000004afc       0xa0 /usr/lib/gcc/arm-none-eabi/6.3.1/libgcc.a(_arm_cmpsf2.o)
 .debug_line    0x0000000000004b9c       0x72 /usr/lib/gcc/arm-none-eabi/6.3.1/libgcc.a(_arm_fixsfsi.o)

.debug_str      0x0000000000000000     0x1877
 .debug_str     0x0000000000000000      0x4c4 build/obj/chsys.o
                                        0x52e (size before relaxing)
 .debug_str     0x00000000000004c4       0x4c build/obj/chvt.o
                                        0x4e7 (size before relaxing)
 .debug_str     0x0000000000000510      0x108 build/obj/chschd.o
                                        0x5cf (size before relaxing)
 .debug_str     0x0000000000000618       0xda build/obj/chthreads.o
                                        0x5fc (size before relaxing)
 .debug_str     0x00000000000006f2       0xa5 build/obj/chdynamic.o
                                        0x581 (size before relaxing)
 .debug_str     0x0000000000000797       0x42 build/obj/chregistry.o
                                        0x4dd (size before relaxing)
 .debug_str     0x00000000000007d9       0xc8 build/obj/chsem.o
                                        0x5cb (size before relaxing)
 .debug_str     0x00000000000008a1       0x8a build/obj/chmtx.o
                                        0x56c (size before relaxing)
 .debug_str     0x000000000000092b      0x1b9 build/obj/chevents.o
                                        0x690 (size before relaxing)
 .debug_str     0x0000000000000ae4      0x119 build/obj/chqueues.o
                                        0x5f7 (size before relaxing)
 .debug_str     0x0000000000000bfd       0x70 build/obj/chmemcore.o
                                        0x50e (size before relaxing)
 .debug_str     0x0000000000000c6d       0x48 build/obj/chheap.o
                                        0x57b (size before relaxing)
 .debug_str     0x0000000000000cb5      0x392 build/obj/hal.o
                                        0x912 (size before relaxing)
 .debug_str     0x0000000000001047       0xfc build/obj/i2c.o
                                        0x994 (size before relaxing)
 .debug_str     0x0000000000001143       0xa1 build/obj/serial.o
                                        0x9c3 (size before relaxing)
 .debug_str     0x00000000000011e4      0x158 build/obj/spi.o
                                        0x9f6 (size before relaxing)
 .debug_str     0x000000000000133c       0x67 build/obj/tm.o
                                        0x8ec (size before relaxing)
 .debug_str     0x00000000000013a3      0x100 build/obj/hal_lld.o
                                        0x990 (size before relaxing)
 .debug_str     0x00000000000014a3       0xb2 build/obj/pal_lld.o
                                        0x937 (size before relaxing)
 .debug_str     0x0000000000001555       0x84 build/obj/serial_lld.o
                                        0x9a7 (size before relaxing)
 .debug_str     0x00000000000015d9       0x45 build/obj/i2c_lld.o
                                        0x98e (size before relaxing)
 .debug_str     0x000000000000161e       0x54 build/obj/spi_lld.o
                                        0x98b (size before relaxing)
 .debug_str     0x0000000000001672       0x4b build/obj/bcm2835.o
                                        0x1c6 (size before relaxing)
 .debug_str     0x00000000000016bd       0x26 build/obj/board.o
                                        0x898 (size before relaxing)
 .debug_str     0x00000000000016e3       0xea build/obj/chprintf.o
                                        0x59a (size before relaxing)
 .debug_str     0x00000000000017cd       0xaa build/obj/main.o
                                        0xa2f (size before relaxing)

.debug_frame    0x0000000000000000     0x16d0
 .debug_frame   0x0000000000000000       0x5c build/obj/chsys.o
 .debug_frame   0x000000000000005c       0x50 build/obj/chvt.o
 .debug_frame   0x00000000000000ac      0x128 build/obj/chschd.o
 .debug_frame   0x00000000000001d4      0x178 build/obj/chthreads.o
 .debug_frame   0x000000000000034c       0x58 build/obj/chdynamic.o
 .debug_frame   0x00000000000003a4       0x3c build/obj/chregistry.o
 .debug_frame   0x00000000000003e0      0x138 build/obj/chsem.o
 .debug_frame   0x0000000000000518       0xe4 build/obj/chmtx.o
 .debug_frame   0x00000000000005fc      0x1d8 build/obj/chevents.o
 .debug_frame   0x00000000000007d4      0x168 build/obj/chqueues.o
 .debug_frame   0x000000000000093c       0x50 build/obj/chmemcore.o
 .debug_frame   0x000000000000098c       0xac build/obj/chheap.o
 .debug_frame   0x0000000000000a38       0x50 build/obj/hal.o
 .debug_frame   0x0000000000000a88       0xe4 build/obj/i2c.o
 .debug_frame   0x0000000000000b6c      0x14c build/obj/serial.o
 .debug_frame   0x0000000000000cb8      0x1a0 build/obj/spi.o
 .debug_frame   0x0000000000000e58       0x60 build/obj/tm.o
 .debug_frame   0x0000000000000eb8       0x78 build/obj/hal_lld.o
 .debug_frame   0x0000000000000f30       0xe8 build/obj/pal_lld.o
 .debug_frame   0x0000000000001018       0xe4 build/obj/serial_lld.o
 .debug_frame   0x00000000000010fc      0x100 build/obj/i2c_lld.o
 .debug_frame   0x00000000000011fc      0x114 build/obj/spi_lld.o
 .debug_frame   0x0000000000001310       0x40 build/obj/bcm2835.o
 .debug_frame   0x0000000000001350       0x20 build/obj/board.o
 .debug_frame   0x0000000000001370       0x74 build/obj/chprintf.o
 .debug_frame   0x00000000000013e4       0x9c build/obj/main.o
 .debug_frame   0x0000000000001480       0x20 /usr/lib/gcc/arm-none-eabi/6.3.1/libgcc.a(_udivsi3.o)
 .debug_frame   0x00000000000014a0       0xac /usr/lib/gcc/arm-none-eabi/6.3.1/libgcc.a(_arm_addsubdf3.o)
 .debug_frame   0x000000000000154c       0x50 /usr/lib/gcc/arm-none-eabi/6.3.1/libgcc.a(_arm_muldivdf3.o)
 .debug_frame   0x000000000000159c       0x24 /usr/lib/gcc/arm-none-eabi/6.3.1/libgcc.a(_arm_fixdfsi.o)
 .debug_frame   0x00000000000015c0       0x24 /usr/lib/gcc/arm-none-eabi/6.3.1/libgcc.a(_arm_truncdfsf2.o)
 .debug_frame   0x00000000000015e4       0xc8 /usr/lib/gcc/arm-none-eabi/6.3.1/libgcc.a(_arm_cmpsf2.o)
 .debug_frame   0x00000000000016ac       0x24 /usr/lib/gcc/arm-none-eabi/6.3.1/libgcc.a(_arm_fixsfsi.o)

Cross Reference Table

Symbol                                            File
AbortHandler                                      build/obj/vectors.o
FiqHandler                                        build/obj/vectors.o
I2C0                                              build/obj/i2c_lld.o
                                                  build/obj/main.o
                                                  build/obj/hal_lld.o
I2C1                                              build/obj/i2c_lld.o
IOPORT0                                           build/obj/pal_lld.o
IOPORT1                                           build/obj/pal_lld.o
IrqHandler                                        build/obj/hal_lld.o
                                                  build/obj/vectors.o
PrefetchHandler                                   build/obj/vectors.o
ResetHandler                                      build/obj/crt0.o
                                                  build/obj/vectors.o
SD1                                               build/obj/serial_lld.o
                                                  build/obj/main.o
                                                  build/obj/hal_lld.o
SPI0                                              build/obj/spi_lld.o
                                                  build/obj/hal_lld.o
SwiHandler                                        build/obj/vectors.o
TestThread                                        build/obj/test.o
UndHandler                                        build/obj/vectors.o
__abt_stack_size__                                build/obj/crt0.o
__adddf3                                          /usr/lib/gcc/arm-none-eabi/6.3.1/libgcc.a(_arm_addsubdf3.o)
__aeabi_cfcmpeq                                   /usr/lib/gcc/arm-none-eabi/6.3.1/libgcc.a(_arm_cmpsf2.o)
__aeabi_cfcmple                                   /usr/lib/gcc/arm-none-eabi/6.3.1/libgcc.a(_arm_cmpsf2.o)
__aeabi_cfrcmple                                  /usr/lib/gcc/arm-none-eabi/6.3.1/libgcc.a(_arm_cmpsf2.o)
__aeabi_d2f                                       /usr/lib/gcc/arm-none-eabi/6.3.1/libgcc.a(_arm_truncdfsf2.o)
                                                  build/obj/chprintf.o
__aeabi_d2iz                                      /usr/lib/gcc/arm-none-eabi/6.3.1/libgcc.a(_arm_fixdfsi.o)
                                                  build/obj/chprintf.o
__aeabi_dadd                                      /usr/lib/gcc/arm-none-eabi/6.3.1/libgcc.a(_arm_addsubdf3.o)
__aeabi_ddiv                                      /usr/lib/gcc/arm-none-eabi/6.3.1/libgcc.a(_arm_muldivdf3.o)
__aeabi_dmul                                      /usr/lib/gcc/arm-none-eabi/6.3.1/libgcc.a(_arm_muldivdf3.o)
                                                  build/obj/chprintf.o
__aeabi_drsub                                     /usr/lib/gcc/arm-none-eabi/6.3.1/libgcc.a(_arm_addsubdf3.o)
__aeabi_dsub                                      /usr/lib/gcc/arm-none-eabi/6.3.1/libgcc.a(_arm_addsubdf3.o)
                                                  build/obj/chprintf.o
__aeabi_f2d                                       /usr/lib/gcc/arm-none-eabi/6.3.1/libgcc.a(_arm_addsubdf3.o)
                                                  build/obj/chprintf.o
__aeabi_f2iz                                      /usr/lib/gcc/arm-none-eabi/6.3.1/libgcc.a(_arm_fixsfsi.o)
                                                  build/obj/chprintf.o
__aeabi_fcmpeq                                    /usr/lib/gcc/arm-none-eabi/6.3.1/libgcc.a(_arm_cmpsf2.o)
__aeabi_fcmpge                                    /usr/lib/gcc/arm-none-eabi/6.3.1/libgcc.a(_arm_cmpsf2.o)
__aeabi_fcmpgt                                    /usr/lib/gcc/arm-none-eabi/6.3.1/libgcc.a(_arm_cmpsf2.o)
__aeabi_fcmple                                    /usr/lib/gcc/arm-none-eabi/6.3.1/libgcc.a(_arm_cmpsf2.o)
__aeabi_fcmplt                                    /usr/lib/gcc/arm-none-eabi/6.3.1/libgcc.a(_arm_cmpsf2.o)
                                                  build/obj/chprintf.o
__aeabi_i2d                                       /usr/lib/gcc/arm-none-eabi/6.3.1/libgcc.a(_arm_addsubdf3.o)
                                                  build/obj/chprintf.o
__aeabi_idiv0                                     /usr/lib/gcc/arm-none-eabi/6.3.1/libgcc.a(_dvmd_tls.o)
                                                  /usr/lib/gcc/arm-none-eabi/6.3.1/libgcc.a(_udivsi3.o)
__aeabi_l2d                                       /usr/lib/gcc/arm-none-eabi/6.3.1/libgcc.a(_arm_addsubdf3.o)
__aeabi_ldiv0                                     /usr/lib/gcc/arm-none-eabi/6.3.1/libgcc.a(_dvmd_tls.o)
__aeabi_ui2d                                      /usr/lib/gcc/arm-none-eabi/6.3.1/libgcc.a(_arm_addsubdf3.o)
__aeabi_uidiv                                     /usr/lib/gcc/arm-none-eabi/6.3.1/libgcc.a(_udivsi3.o)
                                                  build/obj/chprintf.o
                                                  build/obj/i2c_lld.o
                                                  build/obj/serial_lld.o
__aeabi_uidivmod                                  /usr/lib/gcc/arm-none-eabi/6.3.1/libgcc.a(_udivsi3.o)
                                                  build/obj/chprintf.o
__aeabi_ul2d                                      /usr/lib/gcc/arm-none-eabi/6.3.1/libgcc.a(_arm_addsubdf3.o)
__cmpsf2                                          /usr/lib/gcc/arm-none-eabi/6.3.1/libgcc.a(_arm_cmpsf2.o)
__ctype_ptr__                                     /usr/lib/gcc/arm-none-eabi/6.3.1/../../../arm-none-eabi/lib/libc.a(lib_a-ctype_.o)
                                                  /usr/lib/gcc/arm-none-eabi/6.3.1/../../../arm-none-eabi/lib/libc.a(lib_a-strcasecmp.o)
__divdf3                                          /usr/lib/gcc/arm-none-eabi/6.3.1/libgcc.a(_arm_muldivdf3.o)
__early_init                                      build/obj/vectors.o
                                                  build/obj/crt0.o
__eqsf2                                           /usr/lib/gcc/arm-none-eabi/6.3.1/libgcc.a(_arm_cmpsf2.o)
__extendsfdf2                                     /usr/lib/gcc/arm-none-eabi/6.3.1/libgcc.a(_arm_addsubdf3.o)
__fiq_stack_size__                                build/obj/crt0.o
__fixdfsi                                         /usr/lib/gcc/arm-none-eabi/6.3.1/libgcc.a(_arm_fixdfsi.o)
__fixsfsi                                         /usr/lib/gcc/arm-none-eabi/6.3.1/libgcc.a(_arm_fixsfsi.o)
__floatdidf                                       /usr/lib/gcc/arm-none-eabi/6.3.1/libgcc.a(_arm_addsubdf3.o)
__floatsidf                                       /usr/lib/gcc/arm-none-eabi/6.3.1/libgcc.a(_arm_addsubdf3.o)
__floatundidf                                     /usr/lib/gcc/arm-none-eabi/6.3.1/libgcc.a(_arm_addsubdf3.o)
__floatunsidf                                     /usr/lib/gcc/arm-none-eabi/6.3.1/libgcc.a(_arm_addsubdf3.o)
__gesf2                                           /usr/lib/gcc/arm-none-eabi/6.3.1/libgcc.a(_arm_cmpsf2.o)
__gtsf2                                           /usr/lib/gcc/arm-none-eabi/6.3.1/libgcc.a(_arm_cmpsf2.o)
__heap_base__                                     build/obj/chmemcore.o
__heap_end__                                      build/obj/chmemcore.o
__irq_stack_size__                                build/obj/crt0.o
__lesf2                                           /usr/lib/gcc/arm-none-eabi/6.3.1/libgcc.a(_arm_cmpsf2.o)
__ltsf2                                           /usr/lib/gcc/arm-none-eabi/6.3.1/libgcc.a(_arm_cmpsf2.o)
__muldf3                                          /usr/lib/gcc/arm-none-eabi/6.3.1/libgcc.a(_arm_muldivdf3.o)
__nesf2                                           /usr/lib/gcc/arm-none-eabi/6.3.1/libgcc.a(_arm_cmpsf2.o)
__ram_end__                                       build/obj/crt0.o
__subdf3                                          /usr/lib/gcc/arm-none-eabi/6.3.1/libgcc.a(_arm_addsubdf3.o)
__svc_stack_size__                                build/obj/crt0.o
__truncdfsf2                                      /usr/lib/gcc/arm-none-eabi/6.3.1/libgcc.a(_arm_truncdfsf2.o)
__udivsi3                                         /usr/lib/gcc/arm-none-eabi/6.3.1/libgcc.a(_udivsi3.o)
__und_stack_size__                                build/obj/crt0.o
_bss_end                                          build/obj/crt0.o
_bss_start                                        build/obj/crt0.o
_core_init                                        build/obj/chmemcore.o
                                                  build/obj/chsys.o
_ctype_                                           /usr/lib/gcc/arm-none-eabi/6.3.1/../../../arm-none-eabi/lib/libc.a(lib_a-ctype_.o)
_heap_init                                        build/obj/chheap.o
                                                  build/obj/chsys.o
_idle_thread                                      build/obj/chsys.o
_idle_thread_wa                                   build/obj/chsys.o
_main_exit_handler                                build/obj/crt0.o
_pal_lld_init                                     build/obj/pal_lld.o
                                                  build/obj/hal.o
_pal_lld_setgroupmode                             build/obj/pal_lld.o
                                                  build/obj/pal.o
_pal_lld_writeport                                build/obj/pal_lld.o
                                                  build/obj/pal.o
_port_irq_common                                  build/obj/chcoreasm.o
                                                  build/obj/hal_lld.o
_port_switch_arm                                  build/obj/chcoreasm.o
                                                  build/obj/chschd.o
_port_thread_start                                build/obj/chcoreasm.o
                                                  build/obj/chthreads.o
_scheduler_init                                   build/obj/chschd.o
                                                  build/obj/chsys.o
_test_assert                                      build/obj/test.o
                                                  build/obj/testqueues.o
                                                  build/obj/testdyn.o
                                                  build/obj/testheap.o
                                                  build/obj/testevt.o
                                                  build/obj/testmbox.o
                                                  build/obj/testmtx.o
                                                  build/obj/testsem.o
                                                  build/obj/testthd.o
_test_assert_sequence                             build/obj/test.o
                                                  build/obj/testqueues.o
                                                  build/obj/testdyn.o
                                                  build/obj/testevt.o
                                                  build/obj/testmbox.o
                                                  build/obj/testmsg.o
                                                  build/obj/testmtx.o
                                                  build/obj/testsem.o
                                                  build/obj/testthd.o
_test_assert_time_window                          build/obj/test.o
                                                  build/obj/testevt.o
                                                  build/obj/testmtx.o
                                                  build/obj/testsem.o
                                                  build/obj/testthd.o
_test_fail                                        build/obj/test.o
_thread_init                                      build/obj/chthreads.o
                                                  build/obj/chsys.o
_unhandled_exception                              build/obj/vectors.o
_vt_init                                          build/obj/chvt.o
                                                  build/obj/chsys.o
arm_enable_irq                                    build/obj/vectors.o
bcm2835_delay                                     build/obj/bcm2835.o
                                                  build/obj/serial_lld.o
                                                  build/obj/pal_lld.o
bcm2835_gpio_fnsel                                build/obj/bcm2835.o
                                                  build/obj/spi_lld.o
                                                  build/obj/i2c_lld.o
                                                  build/obj/serial_lld.o
                                                  build/obj/pal_lld.o
boardInit                                         build/obj/board.o
                                                  build/obj/hal.o
chCondBroadcast                                   build/obj/chcond.o
                                                  build/obj/testmtx.o
chCondBroadcastI                                  build/obj/chcond.o
chCondInit                                        build/obj/chcond.o
                                                  build/obj/testmtx.o
chCondSignal                                      build/obj/chcond.o
                                                  build/obj/testmtx.o
chCondSignalI                                     build/obj/chcond.o
                                                  build/obj/testmtx.o
chCondWait                                        build/obj/chcond.o
                                                  build/obj/testmtx.o
chCondWaitS                                       build/obj/chcond.o
chCondWaitTimeout                                 build/obj/chcond.o
                                                  build/obj/testmtx.o
chCondWaitTimeoutS                                build/obj/chcond.o
chCoreAlloc                                       build/obj/chmemcore.o
                                                  build/obj/chheap.o
chCoreAllocI                                      build/obj/chmemcore.o
chCoreStatus                                      build/obj/chmemcore.o
                                                  build/obj/testheap.o
chEvtAddEvents                                    build/obj/chevents.o
                                                  build/obj/testevt.o
chEvtBroadcastFlags                               build/obj/chevents.o
                                                  build/obj/testevt.o
chEvtBroadcastFlagsI                              build/obj/chevents.o
                                                  build/obj/shell.o
                                                  build/obj/serial.o
chEvtDispatch                                     build/obj/chevents.o
                                                  build/obj/testevt.o
chEvtGetAndClearEvents                            build/obj/chevents.o
                                                  build/obj/testevt.o
chEvtGetAndClearFlags                             build/obj/chevents.o
chEvtGetAndClearFlagsI                            build/obj/chevents.o
chEvtRegisterMask                                 build/obj/chevents.o
                                                  build/obj/testevt.o
chEvtSignal                                       build/obj/chevents.o
                                                  build/obj/testevt.o
chEvtSignalI                                      build/obj/chevents.o
chEvtUnregister                                   build/obj/chevents.o
                                                  build/obj/testevt.o
chEvtWaitAll                                      build/obj/chevents.o
                                                  build/obj/testevt.o
chEvtWaitAllTimeout                               build/obj/chevents.o
                                                  build/obj/testevt.o
chEvtWaitAny                                      build/obj/chevents.o
                                                  build/obj/testevt.o
chEvtWaitAnyTimeout                               build/obj/chevents.o
                                                  build/obj/testevt.o
chEvtWaitOne                                      build/obj/chevents.o
                                                  build/obj/testevt.o
chEvtWaitOneTimeout                               build/obj/chevents.o
                                                  build/obj/testevt.o
chHeapAlloc                                       build/obj/chheap.o
                                                  build/obj/testdyn.o
                                                  build/obj/testheap.o
                                                  build/obj/chdynamic.o
chHeapFree                                        build/obj/chheap.o
                                                  build/obj/testdyn.o
                                                  build/obj/testheap.o
                                                  build/obj/chdynamic.o
chHeapInit                                        build/obj/chheap.o
                                                  build/obj/testdyn.o
                                                  build/obj/testheap.o
chHeapStatus                                      build/obj/chheap.o
                                                  build/obj/testdyn.o
                                                  build/obj/testheap.o
chIQGetTimeout                                    build/obj/chqueues.o
                                                  build/obj/serial.o
                                                  build/obj/testbmk.o
                                                  build/obj/testqueues.o
chIQInit                                          build/obj/chqueues.o
                                                  build/obj/serial.o
                                                  build/obj/testbmk.o
                                                  build/obj/testqueues.o
chIQPutI                                          build/obj/chqueues.o
                                                  build/obj/serial.o
                                                  build/obj/testbmk.o
                                                  build/obj/testqueues.o
chIQReadTimeout                                   build/obj/chqueues.o
                                                  build/obj/serial.o
                                                  build/obj/testqueues.o
chIQResetI                                        build/obj/chqueues.o
                                                  build/obj/serial.o
                                                  build/obj/testqueues.o
chMBFetch                                         build/obj/chmboxes.o
                                                  build/obj/testmbox.o
chMBFetchI                                        build/obj/chmboxes.o
                                                  build/obj/testmbox.o
chMBFetchS                                        build/obj/chmboxes.o
chMBInit                                          build/obj/chmboxes.o
                                                  build/obj/testmbox.o
chMBPost                                          build/obj/chmboxes.o
                                                  build/obj/testmbox.o
chMBPostAhead                                     build/obj/chmboxes.o
                                                  build/obj/testmbox.o
chMBPostAheadI                                    build/obj/chmboxes.o
                                                  build/obj/testmbox.o
chMBPostAheadS                                    build/obj/chmboxes.o
chMBPostI                                         build/obj/chmboxes.o
                                                  build/obj/testmbox.o
chMBPostS                                         build/obj/chmboxes.o
chMBReset                                         build/obj/chmboxes.o
                                                  build/obj/testmbox.o
chMsgRelease                                      build/obj/chmsg.o
                                                  build/obj/testbmk.o
                                                  build/obj/testmsg.o
chMsgSend                                         build/obj/chmsg.o
                                                  build/obj/testbmk.o
                                                  build/obj/testmsg.o
chMsgWait                                         build/obj/chmsg.o
                                                  build/obj/testbmk.o
                                                  build/obj/testmsg.o
chMtxInit                                         build/obj/chmtx.o
                                                  build/obj/spi.o
                                                  build/obj/i2c.o
                                                  build/obj/testbmk.o
                                                  build/obj/testmtx.o
                                                  build/obj/chheap.o
chMtxLock                                         build/obj/chmtx.o
                                                  build/obj/spi.o
                                                  build/obj/i2c.o
                                                  build/obj/testbmk.o
                                                  build/obj/testmtx.o
                                                  build/obj/chheap.o
chMtxLockS                                        build/obj/chmtx.o
                                                  build/obj/chcond.o
chMtxTryLock                                      build/obj/chmtx.o
                                                  build/obj/testmtx.o
chMtxTryLockS                                     build/obj/chmtx.o
chMtxUnlock                                       build/obj/chmtx.o
                                                  build/obj/spi.o
                                                  build/obj/i2c.o
                                                  build/obj/testbmk.o
                                                  build/obj/testmtx.o
                                                  build/obj/chheap.o
chMtxUnlockAll                                    build/obj/chmtx.o
                                                  build/obj/testmtx.o
chMtxUnlockS                                      build/obj/chmtx.o
                                                  build/obj/testmtx.o
                                                  build/obj/chcond.o
chOQGetI                                          build/obj/chqueues.o
                                                  build/obj/serial.o
                                                  build/obj/testqueues.o
chOQInit                                          build/obj/chqueues.o
                                                  build/obj/serial.o
                                                  build/obj/testqueues.o
chOQPutTimeout                                    build/obj/chqueues.o
                                                  build/obj/main.o
                                                  build/obj/serial.o
                                                  build/obj/testqueues.o
chOQResetI                                        build/obj/chqueues.o
                                                  build/obj/serial.o
                                                  build/obj/testqueues.o
chOQWriteTimeout                                  build/obj/chqueues.o
                                                  build/obj/serial.o
                                                  build/obj/testqueues.o
chRegFirstThread                                  build/obj/chregistry.o
                                                  build/obj/testdyn.o
chRegNextThread                                   build/obj/chregistry.o
                                                  build/obj/testdyn.o
chSchDoReschedule                                 build/obj/chschd.o
                                                  build/obj/chcoreasm.o
chSchDoRescheduleAhead                            build/obj/chschd.o
chSchDoRescheduleBehind                           build/obj/chschd.o
                                                  build/obj/chthreads.o
chSchGoSleepS                                     build/obj/chschd.o
                                                  build/obj/i2c_lld.o
                                                  build/obj/spi.o
                                                  build/obj/testbmk.o
                                                  build/obj/chmsg.o
                                                  build/obj/chevents.o
                                                  build/obj/chcond.o
                                                  build/obj/chmtx.o
                                                  build/obj/chsem.o
                                                  build/obj/chthreads.o
chSchGoSleepTimeoutS                              build/obj/chschd.o
                                                  build/obj/chqueues.o
                                                  build/obj/chevents.o
                                                  build/obj/chcond.o
                                                  build/obj/chsem.o
                                                  build/obj/chthreads.o
chSchIsPreemptionRequired                         build/obj/chschd.o
                                                  build/obj/chcoreasm.o
chSchReadyI                                       build/obj/chschd.o
                                                  build/obj/spi_lld.o
                                                  build/obj/i2c_lld.o
                                                  build/obj/chqueues.o
                                                  build/obj/chmsg.o
                                                  build/obj/chevents.o
                                                  build/obj/chcond.o
                                                  build/obj/chmtx.o
                                                  build/obj/chsem.o
                                                  build/obj/chthreads.o
chSchRescheduleS                                  build/obj/chschd.o
                                                  build/obj/main.o
                                                  build/obj/serial.o
                                                  build/obj/testmtx.o
                                                  build/obj/testsem.o
                                                  build/obj/chmboxes.o
                                                  build/obj/chevents.o
                                                  build/obj/chcond.o
                                                  build/obj/chmtx.o
                                                  build/obj/chsem.o
                                                  build/obj/chthreads.o
chSchWakeupS                                      build/obj/chschd.o
                                                  build/obj/testbmk.o
                                                  build/obj/chmsg.o
                                                  build/obj/chcond.o
                                                  build/obj/chmtx.o
                                                  build/obj/chsem.o
                                                  build/obj/chdynamic.o
                                                  build/obj/chthreads.o
chSemAddCounterI                                  build/obj/chsem.o
                                                  build/obj/testsem.o
chSemInit                                         build/obj/chsem.o
                                                  build/obj/main.o
                                                  build/obj/testbmk.o
                                                  build/obj/testsem.o
                                                  build/obj/chmboxes.o
chSemReset                                        build/obj/chsem.o
                                                  build/obj/testbmk.o
                                                  build/obj/testsem.o
chSemResetI                                       build/obj/chsem.o
                                                  build/obj/chmboxes.o
chSemSignal                                       build/obj/chsem.o
                                                  build/obj/testbmk.o
                                                  build/obj/testsem.o
chSemSignalI                                      build/obj/chsem.o
                                                  build/obj/main.o
                                                  build/obj/testsem.o
                                                  build/obj/chmboxes.o
chSemSignalWait                                   build/obj/chsem.o
                                                  build/obj/testsem.o
chSemWait                                         build/obj/chsem.o
                                                  build/obj/main.o
                                                  build/obj/testbmk.o
                                                  build/obj/testsem.o
chSemWaitS                                        build/obj/chsem.o
chSemWaitTimeout                                  build/obj/chsem.o
                                                  build/obj/testsem.o
chSemWaitTimeoutS                                 build/obj/chsem.o
                                                  build/obj/chmboxes.o
chSysInit                                         build/obj/chsys.o
                                                  build/obj/main.o
chSysTimerHandlerI                                build/obj/chsys.o
                                                  build/obj/hal_lld.o
chThdAddRef                                       build/obj/chdynamic.o
                                                  build/obj/testdyn.o
chThdCreateFromHeap                               build/obj/chdynamic.o
                                                  build/obj/shell.o
                                                  build/obj/testdyn.o
chThdCreateI                                      build/obj/chthreads.o
                                                  build/obj/testthd.o
                                                  build/obj/chdynamic.o
chThdCreateStatic                                 build/obj/chthreads.o
                                                  build/obj/main.o
                                                  build/obj/shell.o
                                                  build/obj/testbmk.o
                                                  build/obj/testqueues.o
                                                  build/obj/testevt.o
                                                  build/obj/testmsg.o
                                                  build/obj/testmtx.o
                                                  build/obj/testsem.o
                                                  build/obj/testthd.o
                                                  build/obj/chsys.o
chThdExit                                         build/obj/chthreads.o
                                                  build/obj/chcoreasm.o
chThdExitS                                        build/obj/chthreads.o
                                                  build/obj/shell.o
chThdRelease                                      build/obj/chdynamic.o
                                                  build/obj/testdyn.o
                                                  build/obj/chregistry.o
                                                  build/obj/chthreads.o
chThdResume                                       build/obj/chthreads.o
                                                  build/obj/testthd.o
chThdSetPriority                                  build/obj/chthreads.o
                                                  build/obj/testthd.o
chThdSleep                                        build/obj/chthreads.o
                                                  build/obj/main.o
                                                  build/obj/testbmk.o
                                                  build/obj/testdyn.o
                                                  build/obj/testevt.o
                                                  build/obj/testmtx.o
                                                  build/obj/testsem.o
                                                  build/obj/testthd.o
                                                  build/obj/test.o
chThdSleepUntil                                   build/obj/chthreads.o
                                                  build/obj/testthd.o
chThdTerminate                                    build/obj/chthreads.o
                                                  build/obj/test.o
chThdWait                                         build/obj/chthreads.o
                                                  build/obj/main.o
                                                  build/obj/testbmk.o
                                                  build/obj/test.o
chThdYield                                        build/obj/chthreads.o
                                                  build/obj/testbmk.o
chTimeIsWithin                                    build/obj/chvt.o
                                                  build/obj/test.o
chVTResetI                                        build/obj/chvt.o
                                                  build/obj/i2c_lld.o
                                                  build/obj/testbmk.o
                                                  build/obj/chschd.o
chVTSetI                                          build/obj/chvt.o
                                                  build/obj/i2c_lld.o
                                                  build/obj/testbmk.o
                                                  build/obj/test.o
                                                  build/obj/chschd.o
ch_debug                                          build/obj/chregistry.o
                                                  build/obj/chsys.o
chprintf                                          build/obj/chprintf.o
                                                  build/obj/main.o
                                                  build/obj/shell.o
coords                                            build/obj/main.o
delayMicroseconds                                 build/obj/hal_lld.o
distance                                          build/obj/main.o
get_cpsr                                          build/obj/vectors.o
halInit                                           build/obj/hal.o
                                                  build/obj/main.o
halIsCounterWithin                                build/obj/hal.o
halPolledDelay                                    build/obj/hal.o
hal_lld_init                                      build/obj/hal_lld.o
                                                  build/obj/hal.o
humidity                                          build/obj/main.o
i2cAcquireBus                                     build/obj/i2c.o
i2cGetErrors                                      build/obj/i2c.o
i2cInit                                           build/obj/i2c.o
                                                  build/obj/hal.o
i2cMasterReceiveTimeout                           build/obj/i2c.o
i2cMasterTransmitTimeout                          build/obj/i2c.o
                                                  build/obj/main.o
i2cObjectInit                                     build/obj/i2c.o
                                                  build/obj/i2c_lld.o
i2cReleaseBus                                     build/obj/i2c.o
i2cStart                                          build/obj/i2c.o
                                                  build/obj/main.o
i2cStop                                           build/obj/i2c.o
i2c_lld_init                                      build/obj/i2c_lld.o
                                                  build/obj/i2c.o
i2c_lld_master_receive_timeout                    build/obj/i2c_lld.o
                                                  build/obj/i2c.o
i2c_lld_master_transmit_timeout                   build/obj/i2c_lld.o
                                                  build/obj/i2c.o
i2c_lld_serve_interrupt                           build/obj/i2c_lld.o
                                                  build/obj/hal_lld.o
i2c_lld_start                                     build/obj/i2c_lld.o
                                                  build/obj/i2c.o
i2c_lld_stop                                      build/obj/i2c_lld.o
                                                  build/obj/i2c.o
main                                              build/obj/main.o
                                                  build/obj/crt0.o
mini_uart_recv                                    build/obj/serial_lld.o
mini_uart_send                                    build/obj/serial_lld.o
mini_uart_sendhex                                 build/obj/serial_lld.o
mini_uart_sendstr                                 build/obj/serial_lld.o
palReadBus                                        build/obj/pal.o
palSetBusMode                                     build/obj/pal.o
palWriteBus                                       build/obj/pal.o
pal_default_config                                build/obj/board.o
                                                  build/obj/hal.o
patternbmk                                        build/obj/testbmk.o
                                                  build/obj/test.o
patterndyn                                        build/obj/testdyn.o
                                                  build/obj/test.o
patternevt                                        build/obj/testevt.o
                                                  build/obj/test.o
patternheap                                       build/obj/testheap.o
                                                  build/obj/test.o
patternmbox                                       build/obj/testmbox.o
                                                  build/obj/test.o
patternmsg                                        build/obj/testmsg.o
                                                  build/obj/test.o
patternmtx                                        build/obj/testmtx.o